// Jest Snapshot v1, https://goo.gl/fbAQLP

exports[`renders correctly PaginatedTable section 1`] = `ShallowWrapper {}`;
