// Jest Snapshot v1, https://goo.gl/fbAQLP

exports[`renders correctly loading state 1`] = `ShallowWrapper {}`;
